Archive member included to satisfy reference by file (symbol)

/Applications/STM32CubeIDE.app/Contents/Eclipse/plugins/com.st.stm32cube.ide.mcu.externaltools.gnu-tools-for-stm32.12.3.rel1.macos64_1.0.200.202406191456/tools/bin/../lib/gcc/arm-none-eabi/12.3.1/../../../../arm-none-eabi/lib/thumb/v7e-m+fp/hard/libc_nano.a(libc_a-exit.o)
                              /Applications/STM32CubeIDE.app/Contents/Eclipse/plugins/com.st.stm32cube.ide.mcu.externaltools.gnu-tools-for-stm32.12.3.rel1.macos64_1.0.200.202406191456/tools/bin/../lib/gcc/arm-none-eabi/12.3.1/../../../../arm-none-eabi/lib/thumb/v7e-m+fp/hard/crt0.o (exit)
/Applications/STM32CubeIDE.app/Contents/Eclipse/plugins/com.st.stm32cube.ide.mcu.externaltools.gnu-tools-for-stm32.12.3.rel1.macos64_1.0.200.202406191456/tools/bin/../lib/gcc/arm-none-eabi/12.3.1/../../../../arm-none-eabi/lib/thumb/v7e-m+fp/hard/libc_nano.a(libc_a-findfp.o)
                              /Applications/STM32CubeIDE.app/Contents/Eclipse/plugins/com.st.stm32cube.ide.mcu.externaltools.gnu-tools-for-stm32.12.3.rel1.macos64_1.0.200.202406191456/tools/bin/../lib/gcc/arm-none-eabi/12.3.1/../../../../arm-none-eabi/lib/thumb/v7e-m+fp/hard/libc_nano.a(libc_a-exit.o) (__stdio_exit_handler)
/Applications/STM32CubeIDE.app/Contents/Eclipse/plugins/com.st.stm32cube.ide.mcu.externaltools.gnu-tools-for-stm32.12.3.rel1.macos64_1.0.200.202406191456/tools/bin/../lib/gcc/arm-none-eabi/12.3.1/../../../../arm-none-eabi/lib/thumb/v7e-m+fp/hard/libc_nano.a(libc_a-fwalk.o)
                              /Applications/STM32CubeIDE.app/Contents/Eclipse/plugins/com.st.stm32cube.ide.mcu.externaltools.gnu-tools-for-stm32.12.3.rel1.macos64_1.0.200.202406191456/tools/bin/../lib/gcc/arm-none-eabi/12.3.1/../../../../arm-none-eabi/lib/thumb/v7e-m+fp/hard/libc_nano.a(libc_a-findfp.o) (_fwalk_sglue)
/Applications/STM32CubeIDE.app/Contents/Eclipse/plugins/com.st.stm32cube.ide.mcu.externaltools.gnu-tools-for-stm32.12.3.rel1.macos64_1.0.200.202406191456/tools/bin/../lib/gcc/arm-none-eabi/12.3.1/../../../../arm-none-eabi/lib/thumb/v7e-m+fp/hard/libc_nano.a(libc_a-memset.o)
                              /Applications/STM32CubeIDE.app/Contents/Eclipse/plugins/com.st.stm32cube.ide.mcu.externaltools.gnu-tools-for-stm32.12.3.rel1.macos64_1.0.200.202406191456/tools/bin/../lib/gcc/arm-none-eabi/12.3.1/../../../../arm-none-eabi/lib/thumb/v7e-m+fp/hard/crt0.o (memset)
/Applications/STM32CubeIDE.app/Contents/Eclipse/plugins/com.st.stm32cube.ide.mcu.externaltools.gnu-tools-for-stm32.12.3.rel1.macos64_1.0.200.202406191456/tools/bin/../lib/gcc/arm-none-eabi/12.3.1/../../../../arm-none-eabi/lib/thumb/v7e-m+fp/hard/libc_nano.a(libc_a-impure.o)
                              /Applications/STM32CubeIDE.app/Contents/Eclipse/plugins/com.st.stm32cube.ide.mcu.externaltools.gnu-tools-for-stm32.12.3.rel1.macos64_1.0.200.202406191456/tools/bin/../lib/gcc/arm-none-eabi/12.3.1/../../../../arm-none-eabi/lib/thumb/v7e-m+fp/hard/libc_nano.a(libc_a-findfp.o) (_impure_data)
/Applications/STM32CubeIDE.app/Contents/Eclipse/plugins/com.st.stm32cube.ide.mcu.externaltools.gnu-tools-for-stm32.12.3.rel1.macos64_1.0.200.202406191456/tools/bin/../lib/gcc/arm-none-eabi/12.3.1/../../../../arm-none-eabi/lib/thumb/v7e-m+fp/hard/libc_nano.a(libc_a-errno.o)
                              ./Core/Src/syscalls.o (__errno)
/Applications/STM32CubeIDE.app/Contents/Eclipse/plugins/com.st.stm32cube.ide.mcu.externaltools.gnu-tools-for-stm32.12.3.rel1.macos64_1.0.200.202406191456/tools/bin/../lib/gcc/arm-none-eabi/12.3.1/../../../../arm-none-eabi/lib/thumb/v7e-m+fp/hard/libc_nano.a(libc_a-init.o)
                              /Applications/STM32CubeIDE.app/Contents/Eclipse/plugins/com.st.stm32cube.ide.mcu.externaltools.gnu-tools-for-stm32.12.3.rel1.macos64_1.0.200.202406191456/tools/bin/../lib/gcc/arm-none-eabi/12.3.1/../../../../arm-none-eabi/lib/thumb/v7e-m+fp/hard/crt0.o (__libc_init_array)
/Applications/STM32CubeIDE.app/Contents/Eclipse/plugins/com.st.stm32cube.ide.mcu.externaltools.gnu-tools-for-stm32.12.3.rel1.macos64_1.0.200.202406191456/tools/bin/../lib/gcc/arm-none-eabi/12.3.1/../../../../arm-none-eabi/lib/thumb/v7e-m+fp/hard/libc_nano.a(libc_a-lock.o)
                              /Applications/STM32CubeIDE.app/Contents/Eclipse/plugins/com.st.stm32cube.ide.mcu.externaltools.gnu-tools-for-stm32.12.3.rel1.macos64_1.0.200.202406191456/tools/bin/../lib/gcc/arm-none-eabi/12.3.1/../../../../arm-none-eabi/lib/thumb/v7e-m+fp/hard/libc_nano.a(libc_a-findfp.o) (__retarget_lock_init_recursive)
/Applications/STM32CubeIDE.app/Contents/Eclipse/plugins/com.st.stm32cube.ide.mcu.externaltools.gnu-tools-for-stm32.12.3.rel1.macos64_1.0.200.202406191456/tools/bin/../lib/gcc/arm-none-eabi/12.3.1/../../../../arm-none-eabi/lib/thumb/v7e-m+fp/hard/libc_nano.a(libc_a-mallocr.o)
[...]
Memory Configuration

Name             Origin             Length             Attributes
RAM              0x20000000         0x00020000         xrw
FLASH            0x08000000         0x00080000         xr
*default*        0x00000000         0xffffffff

Linker script and memory map

LOAD /Applications/STM32CubeIDE.app/Contents/Eclipse/plugins/com.st.stm32cube.ide.mcu.externaltools.gnu-tools-for-stm32.12.3.rel1.macos64_1.0.200.202406191456/tools/bin/../lib/gcc/arm-none-eabi/12.3.1/thumb/v7e-m+fp/hard/crti.o
LOAD /Applications/STM32CubeIDE.app/Contents/Eclipse/plugins/com.st.stm32cube.ide.mcu.externaltools.gnu-tools-for-stm32.12.3.rel1.macos64_1.0.200.202406191456/tools/bin/../lib/gcc/arm-none-eabi/12.3.1/thumb/v7e-m+fp/hard/crtbegin.o
LOAD /Applications/STM32CubeIDE.app/Contents/Eclipse/plugins/com.st.stm32cube.ide.mcu.externaltools.gnu-tools-for-stm32.12.3.rel1.macos64_1.0.200.202406191456/tools/bin/../lib/gcc/arm-none-eabi/12.3.1/../../../../arm-none-eabi/lib/thumb/v7e-m+fp/hard/crt0.o
LOAD ./Core/Src/main.o
LOAD ./Core/Src/stm32f4xx_hal_msp.o
LOAD ./Core/Src/stm32f4xx_it.o
LOAD ./Core/Src/syscalls.o
LOAD ./Core/Src/sysmem.o
LOAD ./Core/Src/system_stm32f4xx.o
LOAD ./Core/Startup/startup_stm32f446retx.o
LOAD ./Drivers/STM32F4xx_HAL_Driver/Src/stm32f4xx_hal.o
LOAD ./Drivers/STM32F4xx_HAL_Driver/Src/stm32f4xx_hal_adc.o
LOAD ./Drivers/STM32F4xx_HAL_Driver/Src/stm32f4xx_hal_adc_ex.o
LOAD ./Drivers/STM32F4xx_HAL_Driver/Src/stm32f4xx_hal_cortex.o
LOAD ./Drivers/STM32F4xx_HAL_Driver/Src/stm32f4xx_hal_dma.o
LOAD ./Drivers/STM32F4xx_HAL_Driver/Src/stm32f4xx_hal_dma_ex.o
LOAD ./Drivers/STM32F4xx_HAL_Driver/Src/stm32f4xx_hal_exti.o
LOAD ./Drivers/STM32F4xx_HAL_Driver/Src/stm32f4xx_hal_flash.o
LOAD ./Drivers/STM32F4xx_HAL_Driver/Src/stm32f4xx_hal_flash_ex.o
LOAD ./Drivers/STM32F4xx_HAL_Driver/Src/stm32f4xx_hal_flash_ramfunc.o
LOAD ./Drivers/STM32F4xx_HAL_Driver/Src/stm32f4xx_hal_gpio.o
LOAD ./Drivers/STM32F4xx_HAL_Driver/Src/stm32f4xx_hal_pwr.o
LOAD ./Drivers/STM32F4xx_HAL_Driver/Src/stm32f4xx_hal_pwr_ex.o
LOAD ./Drivers/STM32F4xx_HAL_Driver/Src/stm32f4xx_hal_rcc.o
LOAD ./Drivers/STM32F4xx_HAL_Driver/Src/stm32f4xx_hal_rcc_ex.o
LOAD ./Drivers/STM32F4xx_HAL_Driver/Src/stm32f4xx_hal_tim.o
LOAD ./Drivers/STM32F4xx_HAL_Driver/Src/stm32f4xx_hal_tim_ex.o
LOAD ./Drivers/STM32F4xx_HAL_Driver/Src/stm32f4xx_hal_uart.o
LOAD ./Drivers/STM32F4xx_HAL_Driver/Src/stm32f4xx_ll_adc.o
START GROUP
LOAD /Applications/STM32CubeIDE.app/Contents/Eclipse/plugins/com.st.stm32cube.ide.mcu.externaltools.gnu-tools-for-stm32.12.3.rel1.macos64_1.0.200.202406191456/tools/bin/../lib/gcc/arm-none-eabi/12.3.1/../../../../arm-none-eabi/lib/thumb/v7e-m+fp/hard/libc_nano.a
LOAD /Applications/STM32CubeIDE.app/Contents/Eclipse/plugins/com.st.stm32cube.ide.mcu.externaltools.gnu-tools-for-stm32.12.3.rel1.macos64_1.0.200.202406191456/tools/bin/../lib/gcc/arm-none-eabi/12.3.1/../../../../arm-none-eabi/lib/thumb/v7e-m+fp/hard/libm.a
END GROUP
START GROUP
LOAD /Applications/STM32CubeIDE.app/Contents/Eclipse/plugins/com.st.stm32cube.ide.mcu.externaltools.gnu-tools-for-stm32.12.3.rel1.macos64_1.0.200.202406191456/tools/bin/../lib/gcc/arm-none-eabi/12.3.1/thumb/v7e-m+fp/hard/libgcc.a
LOAD /Applications/STM32CubeIDE.app/Contents/Eclipse/plugins/com.st.stm32cube.ide.mcu.externaltools.gnu-tools-for-stm32.12.3.rel1.macos64_1.0.200.202406191456/tools/bin/../lib/gcc/arm-none-eabi/12.3.1/../../../../arm-none-eabi/lib/thumb/v7e-m+fp/hard/libc_nano.a
END GROUP
START GROUP
LOAD /Applications/STM32CubeIDE.app/Contents/Eclipse/plugins/com.st.stm32cube.ide.mcu.externaltools.gnu-tools-for-stm32.12.3.rel1.macos64_1.0.200.202406191456/tools/bin/../lib/gcc/arm-none-eabi/12.3.1/thumb/v7e-m+fp/hard/libgcc.a
LOAD /Applications/STM32CubeIDE.app/Contents/Eclipse/plugins/com.st.stm32cube.ide.mcu.externaltools.gnu-tools-for-stm32.12.3.rel1.macos64_1.0.200.202406191456/tools/bin/../lib/gcc/arm-none-eabi/12.3.1/../../../../arm-none-eabi/lib/thumb/v7e-m+fp/hard/libc_nano.a
LOAD /Applications/STM32CubeIDE.app/Contents/Eclipse/plugins/com.st.stm32cube.ide.mcu.externaltools.gnu-tools-for-stm32.12.3.rel1.macos64_1.0.200.202406191456/tools/bin/../lib/gcc/arm-none-eabi/12.3.1/../../../../arm-none-eabi/lib/thumb/v7e-m+fp/hard/libnosys.a
END GROUP
START GROUP
LOAD /Applications/STM32CubeIDE.app/Contents/Eclipse/plugins/com.st.stm32cube.ide.mcu.externaltools.gnu-tools-for-stm32.12.3.rel1.macos64_1.0.200.202406191456/tools/bin/../lib/gcc/arm-none-eabi/12.3.1/thumb/v7e-m+fp/hard/libgcc.a
LOAD /Applications/STM32CubeIDE.app/Contents/Eclipse/plugins/com.st.stm32cube.ide.mcu.externaltools.gnu-tools-for-stm32.12.3.rel1.macos64_1.0.200.202406191456/tools/bin/../lib/gcc/arm-none-eabi/12.3.1/../../../../arm-none-eabi/lib/thumb/v7e-m+fp/hard/libc_nano.a
LOAD /Applications/STM32CubeIDE.app/Contents/Eclipse/plugins/com.st.stm32cube.ide.mcu.externaltools.gnu-tools-for-stm32.12.3.rel1.macos64_1.0.200.202406191456/tools/bin/../lib/gcc/arm-none-eabi/12.3.1/../../../../arm-none-eabi/lib/thumb/v7e-m+fp/hard/libnosys.a
END GROUP
LOAD /Applications/STM32CubeIDE.app/Contents/Eclipse/plugins/com.st.stm32cube.ide.mcu.externaltools.gnu-tools-for-stm32.12.3.rel1.macos64_1.0.200.202406191456/tools/bin/../lib/gcc/arm-none-eabi/12.3.1/thumb/v7e-m+fp/hard/crtend.o
LOAD /Applications/STM32CubeIDE.app/Contents/Eclipse/plugins/com.st.stm32cube.ide.mcu.externaltools.gnu-tools-for-stm32.12.3.rel1.macos64_1.0.200.202406191456/tools/bin/../lib/gcc/arm-none-eabi/12.3.1/thumb/v7e-m+fp/hard/crtn.o
                0x20020000                        _estack = (ORIGIN (RAM) + LENGTH (RAM))
                0x00000200                        _Min_Heap_Size = 0x200
                0x00000400                        _Min_Stack_Size = 0x400

.isr_vector     0x08000000      0x1c4
                0x08000000                        . = ALIGN (0x4)
 *(.isr_vector)
 .isr_vector    0x08000000      0x1c4 ./Core/Startup/startup_stm32f446retx.o
                0x08000000                g_pfnVectors
                0x080001c4                        . = ALIGN (0x4)

.text           0x080001c4     0x3088
                0x080001c4                        . = ALIGN (0x4)
 *(.text)
 .text          0x080001c4       0x40 /Applications/STM32CubeIDE.app/Contents/Eclipse/plugins/com.st.stm32cube.ide.mcu.externaltools.gnu-tools-for-stm32.12.3.rel1.macos64_1.0.200.202406191456/tools/bin/../lib/gcc/arm-none-eabi/12.3.1/thumb/v7e-m+fp/hard/crtbegin.o
 .text          0x08000204       0x30 /Applications/STM32CubeIDE.app/Contents/Eclipse/plugins/com.st.stm32cube.ide.mcu.externaltools.gnu-tools-for-stm32.12.3.rel1.macos64_1.0.200.202406191456/tools/bin/../lib/gcc/arm-none-eabi/12.3.1/thumb/v7e-m+fp/hard/libgcc.a(_aeabi_uldivmod.o)
                0x08000204                __aeabi_uldivmod
 .text          0x08000234      0x2bc /Applications/STM32CubeIDE.app/Contents/Eclipse/plugins/com.st.stm32cube.ide.mcu.externaltools.gnu-tools-for-stm32.12.3.rel1.macos64_1.0.200.202406191456/tools/bin/../lib/gcc/arm-none-eabi/12.3.1/thumb/v7e-m+fp/hard/libgcc.a(_udivmoddi4.o)
                0x08000234                __udivmoddi4
 .text          0x080004f0        0x4 /Applications/STM32CubeIDE.app/Contents/Eclipse/plugins/com.st.stm32cube.ide.mcu.externaltools.gnu-tools-for-stm32.12.3.rel1.macos64_1.0.200.202406191456/tools/bin/../lib/gcc/arm-none-eabi/12.3.1/thumb/v7e-m+fp/hard/libgcc.a(_dvmd_tls.o)
                0x080004f0                __aeabi_ldiv0
                0x080004f0                __aeabi_idiv0
 *(.text*)
 .text.main     0x080004f4       0x34 ./Core/Src/main.o
                0x080004f4                main
 .text.SystemClock_Config
                0x08000528       0xdc ./Core/Src/main.o
                0x08000528                SystemClock_Config
 .text.MX_ADC1_Init
                0x08000604       0xa4 ./Core/Src/main.o
 .text.MX_USART2_UART_Init
                0x080006a8       0x54 ./Core/Src/main.o
 .text.MX_DMA_Init
                0x080006fc       0x40 ./Core/Src/main.o
 .text.MX_GPIO_Init
                0x0800073c       0xe0 ./Core/Src/main.o
 .text.HAL_ADC_ConvHalfCpltCallback
                0x0800081c       0x20 ./Core/Src/main.o
                0x0800081c                HAL_ADC_ConvHalfCpltCallback
 .text.HAL_ADC_ConvCpltCallback
                0x0800083c       0x20 ./Core/Src/main.o
                0x0800083c                HAL_ADC_ConvCpltCallback
 .text.Error_Handler
                0x0800085c        0xc ./Core/Src/main.o
                0x0800085c                Error_Handler
 .text.HAL_MspInit
                0x08000868       0x50 ./Core/Src/stm32f4xx_hal_msp.o
                0x08000868                HAL_MspInit
 .text.HAL_ADC_MspInit
                0x080008b8       0xf0 ./Core/Src/stm32f4xx_hal_msp.o
                0x080008b8                HAL_ADC_MspInit
 .text.HAL_UART_MspInit
                0x080009a8       0x90 ./Core/Src/stm32f4xx_hal_msp.o
                0x080009a8                HAL_UART_MspInit
 .text.NMI_Handler
                0x08000a38        0x8 ./Core/Src/stm32f4xx_it.o
                0x08000a38                NMI_Handler
 .text.HardFault_Handler
                0x08000a40        0x8 ./Core/Src/stm32f4xx_it.o
                0x08000a40                HardFault_Handler
 .text.MemManage_Handler
                0x08000a48        0x8 ./Core/Src/stm32f4xx_it.o
                0x08000a48                MemManage_Handler
 .text.BusFault_Handler
                0x08000a50        0x8 ./Core/Src/stm32f4xx_it.o
                0x08000a50                BusFault_Handler
 .text.UsageFault_Handler
                0x08000a58        0x8 ./Core/Src/stm32f4xx_it.o
                0x08000a58                UsageFault_Handler
 .text.SVC_Handler
                0x08000a60        0xe ./Core/Src/stm32f4xx_it.o
                0x08000a60                SVC_Handler
 .text.DebugMon_Handler
                0x08000a6e        0xe ./Core/Src/stm32f4xx_it.o
                0x08000a6e                DebugMon_Handler
 .text.PendSV_Handler
                0x08000a7c        0xe ./Core/Src/stm32f4xx_it.o
                0x08000a7c                PendSV_Handler
 .text.SysTick_Handler
                0x08000a8a        0xc ./Core/Src/stm32f4xx_it.o
                0x08000a8a                SysTick_Handler
 *fill*         0x08000a96        0x2 
 .text.DMA2_Stream0_IRQHandler
                0x08000a98       0x14 ./Core/Src/stm32f4xx_it.o
                0x08000a98                DMA2_Stream0_IRQHandler
 .text.SystemInit
                0x08000aac       0x24 ./Core/Src/system_stm32f4xx.o
                0x08000aac                SystemInit
 .text.Reset_Handler
                0x08000ad0       0x50 ./Core/Startup/startup_stm32f446retx.o
                0x08000ad0                Reset_Handler
 .text.Default_Handler
                0x08000b20        0x2 ./Core/Startup/startup_stm32f446retx.o
                0x08000b20                DMA1_Stream3_IRQHandler
                0x08000b20                EXTI2_IRQHandler
                0x08000b20                TIM8_CC_IRQHandler
                0x08000b20                FMPI2C1_EV_IRQHandler
                0x08000b20                SPI4_IRQHandler
                0x08000b20                TIM1_CC_IRQHandler
                0x08000b20                DMA2_Stream5_IRQHandler
                0x08000b20                DMA1_Stream5_IRQHandler
                0x08000b20                PVD_IRQHandler
                0x08000b20                SDIO_IRQHandler
                0x08000b20                TAMP_STAMP_IRQHandler
                0x08000b20                CAN2_RX1_IRQHandler
                0x08000b20                EXTI3_IRQHandler
                0x08000b20                TIM8_TRG_COM_TIM14_IRQHandler
                0x08000b20                TIM1_UP_TIM10_IRQHandler
                0x08000b20                TIM8_UP_TIM13_IRQHandler
                0x08000b20                I2C3_ER_IRQHandler
                0x08000b20                EXTI0_IRQHandler
                0x08000b20                I2C2_EV_IRQHandler
                0x08000b20                DMA1_Stream2_IRQHandler
                0x08000b20                CAN1_RX0_IRQHandler
                0x08000b20                FPU_IRQHandler
                0x08000b20                OTG_HS_WKUP_IRQHandler
                0x08000b20                CAN2_SCE_IRQHandler
                0x08000b20                DMA2_Stream2_IRQHandler
                0x08000b20                SPI1_IRQHandler
                0x08000b20                TIM6_DAC_IRQHandler
                0x08000b20                TIM1_BRK_TIM9_IRQHandler
                0x08000b20                DCMI_IRQHandler
                0x08000b20                CAN2_RX0_IRQHandler
                0x08000b20                DMA2_Stream3_IRQHandler
                0x08000b20                SAI2_IRQHandler
                0x08000b20                USART6_IRQHandler
                0x08000b20                USART3_IRQHandler
                0x08000b20                CAN1_RX1_IRQHandler
                0x08000b20                UART5_IRQHandler
                0x08000b20                TIM4_IRQHandler
                0x08000b20                QUADSPI_IRQHandler
                0x08000b20                I2C1_EV_IRQHandler
                0x08000b20                DMA1_Stream6_IRQHandler
                0x08000b20                DMA1_Stream1_IRQHandler
                0x08000b20                UART4_IRQHandler
                0x08000b20                TIM3_IRQHandler
                0x08000b20                RCC_IRQHandler
                0x08000b20                TIM8_BRK_TIM12_IRQHandler
                0x08000b20                Default_Handler
                0x08000b20                CEC_IRQHandler
                0x08000b20                EXTI15_10_IRQHandler
                0x08000b20                ADC_IRQHandler
                0x08000b20                DMA1_Stream7_IRQHandler
                0x08000b20                TIM7_IRQHandler
                0x08000b20                CAN2_TX_IRQHandler
                0x08000b20                TIM5_IRQHandler
                0x08000b20                DMA2_Stream7_IRQHandler
                0x08000b20                I2C3_EV_IRQHandler
                0x08000b20                EXTI9_5_IRQHandler
                0x08000b20                RTC_WKUP_IRQHandler
                0x08000b20                SPDIF_RX_IRQHandler
                0x08000b20                SPI2_IRQHandler
                0x08000b20                OTG_HS_EP1_IN_IRQHandler
                0x08000b20                DMA1_Stream0_IRQHandler
                0x08000b20                CAN1_TX_IRQHandler
                0x08000b20                FMPI2C1_ER_IRQHandler
                0x08000b20                EXTI4_IRQHandler
                0x08000b20                OTG_HS_EP1_OUT_IRQHandler
                0x08000b20                WWDG_IRQHandler
                0x08000b20                TIM2_IRQHandler
                0x08000b20                OTG_FS_WKUP_IRQHandler
                0x08000b20                TIM1_TRG_COM_TIM11_IRQHandler
                0x08000b20                OTG_HS_IRQHandler
                0x08000b20                EXTI1_IRQHandler
                0x08000b20                USART2_IRQHandler
                0x08000b20                I2C2_ER_IRQHandler
                0x08000b20                DMA2_Stream1_IRQHandler
                0x08000b20                CAN1_SCE_IRQHandler
                0x08000b20                FLASH_IRQHandler
                0x08000b20                DMA2_Stream4_IRQHandler
                0x08000b20                USART1_IRQHandler
                0x08000b20                OTG_FS_IRQHandler
                0x08000b20                SPI3_IRQHandler
                0x08000b20                DMA1_Stream4_IRQHandler
                0x08000b20                I2C1_ER_IRQHandler
                0x08000b20                FMC_IRQHandler
                0x08000b20                DMA2_Stream6_IRQHandler
                0x08000b20                SAI1_IRQHandler
                0x08000b20                RTC_Alarm_IRQHandler
 *fill*         0x08000b22        0x2 
 .text.HAL_Init
                0x08000b24       0x44 ./Drivers/STM32F4xx_HAL_Driver/Src/stm32f4xx_hal.o
                0x08000b24                HAL_Init
 .text.HAL_InitTick
                0x08000b68       0x60 ./Drivers/STM32F4xx_HAL_Driver/Src/stm32f4xx_hal.o
                0x08000b68                HAL_InitTick
 .text.HAL_IncTick
                0x08000bc8       0x28 ./Drivers/STM32F4xx_HAL_Driver/Src/stm32f4xx_hal.o
                0x08000bc8                HAL_IncTick
 .text.HAL_GetTick
                0x08000bf0       0x18 ./Drivers/STM32F4xx_HAL_Driver/Src/stm32f4xx_hal.o
                0x08000bf0                HAL_GetTick
 .text.HAL_ADC_Init
                0x08000c08       0x86 ./Drivers/STM32F4xx_HAL_Driver/Src/stm32f4xx_hal_adc.o
                0x08000c08                HAL_ADC_Init
 *fill*         0x08000c8e        0x2 
 .text.HAL_ADC_Start_DMA
                0x08000c90      0x220 ./Drivers/STM32F4xx_HAL_Driver/Src/stm32f4xx_hal_adc.o
                0x08000c90                HAL_ADC_Start_DMA
 .text.HAL_ADC_ErrorCallback
                0x08000eb0       0x14 ./Drivers/STM32F4xx_HAL_Driver/Src/stm32f4xx_hal_adc.o
                0x08000eb0                HAL_ADC_ErrorCallback
 .text.HAL_ADC_ConfigChannel
                0x08000ec4      0x264 ./Drivers/STM32F4xx_HAL_Driver/Src/stm32f4xx_hal_adc.o
                0x08000ec4                HAL_ADC_ConfigChannel
 .text.ADC_Init
                0x08001128      0x1f8 ./Drivers/STM32F4xx_HAL_Driver/Src/stm32f4xx_hal_adc.o
 .text.ADC_DMAConvCplt
                0x08001320       0xba ./Drivers/STM32F4xx_HAL_Driver/Src/stm32f4xx_hal_adc.o
 .text.ADC_DMAHalfConvCplt
                0x080013da       0x1c ./Drivers/STM32F4xx_HAL_Driver/Src/stm32f4xx_hal_adc.o
 .text.ADC_DMAError
                0x080013f6       0x2e ./Drivers/STM32F4xx_HAL_Driver/Src/stm32f4xx_hal_adc.o
 .text.__NVIC_SetPriorityGrouping
                0x08001424       0x48 ./Drivers/STM32F4xx_HAL_Driver/Src/stm32f4xx_hal_cortex.o
 .text.__NVIC_GetPriorityGrouping
                0x0800146c       0x1c ./Drivers/STM32F4xx_HAL_Driver/Src/stm32f4xx_hal_cortex.o
 .text.__NVIC_EnableIRQ
                0x08001488       0x3c ./Drivers/STM32F4xx_HAL_Driver/Src/stm32f4xx_hal_cortex.o
 .text.__NVIC_SetPriority
                0x080014c4       0x54 ./Drivers/STM32F4xx_HAL_Driver/Src/stm32f4xx_hal_cortex.o
 .text.NVIC_EncodePriority
                0x08001518       0x66 ./Drivers/STM32F4xx_HAL_Driver/Src/stm32f4xx_hal_cortex.o
 *fill*         0x0800157e        0x2 
 .text.SysTick_Config
                0x08001580       0x44 ./Drivers/STM32F4xx_HAL_Driver/Src/stm32f4xx_hal_cortex.o
 .text.HAL_NVIC_SetPriorityGrouping
                0x080015c4       0x16 ./Drivers/STM32F4xx_HAL_Driver/Src/stm32f4xx_hal_cortex.o
                0x080015c4                HAL_NVIC_SetPriorityGrouping
 .text.HAL_NVIC_SetPriority
                0x080015da       0x38 ./Drivers/STM32F4xx_HAL_Driver/Src/stm32f4xx_hal_cortex.o
                0x080015da                HAL_NVIC_SetPriority
 .text.HAL_NVIC_EnableIRQ
                0x08001612       0x1c ./Drivers/STM32F4xx_HAL_Driver/Src/stm32f4xx_hal_cortex.o
                0x08001612                HAL_NVIC_EnableIRQ
 .text.HAL_SYSTICK_Config
                0x0800162e       0x18 ./Drivers/STM32F4xx_HAL_Driver/Src/stm32f4xx_hal_cortex.o
                0x0800162e                HAL_SYSTICK_Config
 *fill*         0x08001646        0x2 
 .text.HAL_DMA_Init
                0x08001648      0x15c ./Drivers/STM32F4xx_HAL_Driver/Src/stm32f4xx_hal_dma.o
                0x08001648                HAL_DMA_Init
 .text.HAL_DMA_Start_IT
                0x080017a4       0xb0 ./Drivers/STM32F4xx_HAL_Driver/Src/stm32f4xx_hal_dma.o
                0x080017a4                HAL_DMA_Start_IT
 .text.HAL_DMA_IRQHandler
                0x08001854      0x314 ./Drivers/STM32F4xx_HAL_Driver/Src/stm32f4xx_hal_dma.o
                0x08001854                HAL_DMA_IRQHandler
 .text.DMA_SetConfig
                0x08001b68       0x5c ./Drivers/STM32F4xx_HAL_Driver/Src/stm32f4xx_hal_dma.o
 .text.DMA_CalcBaseAndBitshift
                0x08001bc4       0x6c ./Drivers/STM32F4xx_HAL_Driver/Src/stm32f4xx_hal_dma.o
 .text.DMA_CheckFifoParam
                0x08001c30       0xf8 ./Drivers/STM32F4xx_HAL_Driver/Src/stm32f4xx_hal_dma.o
 .text.HAL_GPIO_Init
                0x08001d28      0x328 ./Drivers/STM32F4xx_HAL_Driver/Src/stm32f4xx_hal_gpio.o
                0x08001d28                HAL_GPIO_Init
 .text.HAL_GPIO_WritePin
                0x08002050       0x32 ./Drivers/STM32F4xx_HAL_Driver/Src/stm32f4xx_hal_gpio.o
                0x08002050                HAL_GPIO_WritePin
 *fill*         0x08002082        0x2 
 .text.HAL_RCC_ClockConfig
                0x08002084      0x1cc ./Drivers/STM32F4xx_HAL_Driver/Src/stm32f4xx_hal_rcc.o
                0x08002084                HAL_RCC_ClockConfig
 .text.HAL_RCC_GetHCLKFreq
                0x08002250       0x18 ./Drivers/STM32F4xx_HAL_Driver/Src/stm32f4xx_hal_rcc.o
                0x08002250                HAL_RCC_GetHCLKFreq
 .text.HAL_RCC_GetPCLK1Freq
                0x08002268       0x28 ./Drivers/STM32F4xx_HAL_Driver/Src/stm32f4xx_hal_rcc.o
                0x08002268                HAL_RCC_GetPCLK1Freq
 .text.HAL_RCC_GetPCLK2Freq
                0x08002290       0x28 ./Drivers/STM32F4xx_HAL_Driver/Src/stm32f4xx_hal_rcc.o
                0x08002290                HAL_RCC_GetPCLK2Freq
 .text.HAL_RCC_GetSysClockFreq
                0x080022b8      0x460 ./Drivers/STM32F4xx_HAL_Driver/Src/stm32f4xx_hal_rcc_ex.o
                0x080022b8                HAL_RCC_GetSysClockFreq
 .text.HAL_RCC_OscConfig
                0x08002718      0x53c ./Drivers/STM32F4xx_HAL_Driver/Src/stm32f4xx_hal_rcc_ex.o
                0x08002718                HAL_RCC_OscConfig
 .text.HAL_UART_Init
                0x08002c54       0xa0 ./Drivers/STM32F4xx_HAL_Driver/Src/stm32f4xx_hal_uart.o
                0x08002c54                HAL_UART_Init
 .text.UART_SetConfig
                0x08002cf4      0x4e8 ./Drivers/STM32F4xx_HAL_Driver/Src/stm32f4xx_hal_uart.o
 .text.memset   0x080031dc       0x10 /Applications/STM32CubeIDE.app/Contents/Eclipse/plugins/com.st.stm32cube.ide.mcu.externaltools.gnu-tools-for-stm32.12.3.rel1.macos64_1.0.200.202406191456/tools/bin/../lib/gcc/arm-none-eabi/12.3.1/../../../../arm-none-eabi/lib/thumb/v7e-m+fp/hard/libc_nano.a(libc_a-memset.o)
                0x080031dc                memset
 .text.__libc_init_array
                0x080031ec       0x48 /Applications/STM32CubeIDE.app/Contents/Eclipse/plugins/com.st.stm32cube.ide.mcu.externaltools.gnu-tools-for-stm32.12.3.rel1.macos64_1.0.200.202406191456/tools/bin/../lib/gcc/arm-none-eabi/12.3.1/../../../../arm-none-eabi/lib/thumb/v7e-m+fp/hard/libc_nano.a(libc_a-init.o)
                0x080031ec                __libc_init_array
 *(.glue_7)
 .glue_7        0x08003234        0x0 linker stubs
 *(.glue_7t)
 .glue_7t       0x08003234        0x0 linker stubs
 *(.eh_frame)
 .eh_frame      0x08003234        0x0 /Applications/STM32CubeIDE.app/Contents/Eclipse/plugins/com.st.stm32cube.ide.mcu.externaltools.gnu-tools-for-stm32.12.3.rel1.macos64_1.0.200.202406191456/tools/bin/../lib/gcc/arm-none-eabi/12.3.1/thumb/v7e-m+fp/hard/crtbegin.o
 *(.init)
 .init          0x08003234        0x4 /Applications/STM32CubeIDE.app/Contents/Eclipse/plugins/com.st.stm32cube.ide.mcu.externaltools.gnu-tools-for-stm32.12.3.rel1.macos64_1.0.200.202406191456/tools/bin/../lib/gcc/arm-none-eabi/12.3.1/thumb/v7e-m+fp/hard/crti.o
                0x08003234                _init
 .init          0x08003238        0x8 /Applications/STM32CubeIDE.app/Contents/Eclipse/plugins/com.st.stm32cube.ide.mcu.externaltools.gnu-tools-for-stm32.12.3.rel1.macos64_1.0.200.202406191456/tools/bin/../lib/gcc/arm-none-eabi/12.3.1/thumb/v7e-m+fp/hard/crtn.o
 *(.fini)
 .fini          0x08003240        0x4 /Applications/STM32CubeIDE.app/Contents/Eclipse/plugins/com.st.stm32cube.ide.mcu.externaltools.gnu-tools-for-stm32.12.3.rel1.macos64_1.0.200.202406191456/tools/bin/../lib/gcc/arm-none-eabi/12.3.1/thumb/v7e-m+fp/hard/crti.o
                0x08003240                _fini
 .fini          0x08003244        0x8 /Applications/STM32CubeIDE.app/Contents/Eclipse/plugins/com.st.stm32cube.ide.mcu.externaltools.gnu-tools-for-stm32.12.3.rel1.macos64_1.0.200.202406191456/tools/bin/../lib/gcc/arm-none-eabi/12.3.1/thumb/v7e-m+fp/hard/crtn.o
                0x0800324c                        . = ALIGN (0x4)
                0x0800324c                        _etext = .

.vfp11_veneer   0x0800324c        0x0
 .vfp11_veneer  0x0800324c        0x0 linker stubs

.v4_bx          0x0800324c        0x0
 .v4_bx         0x0800324c        0x0 linker stubs

.iplt           0x0800324c        0x0
 .iplt          0x0800324c        0x0 /Applications/STM32CubeIDE.app/Contents/Eclipse/plugins/com.st.stm32cube.ide.mcu.externaltools.gnu-tools-for-stm32.12.3.rel1.macos64_1.0.200.202406191456/tools/bin/../lib/gcc/arm-none-eabi/12.3.1/thumb/v7e-m+fp/hard/crtbegin.o

.rodata         0x0800324c       0x20
                0x0800324c                        . = ALIGN (0x4)
 *(.rodata)
 *(.rodata*)
 .rodata.AHBPrescTable
                0x0800324c       0x10 ./Core/Src/system_stm32f4xx.o
                0x0800324c                AHBPrescTable
 .rodata.APBPrescTable
                0x0800325c        0x8 ./Core/Src/system_stm32f4xx.o
                0x0800325c                APBPrescTable
 .rodata.flagBitshiftOffset.0
                0x08003264        0x8 ./Drivers/STM32F4xx_HAL_Driver/Src/stm32f4xx_hal_dma.o
                0x0800326c                        . = ALIGN (0x4)

.ARM.extab      0x0800326c        0x0
                0x0800326c                        . = ALIGN (0x4)
 *(.ARM.extab* .gnu.linkonce.armextab.*)
                0x0800326c                        . = ALIGN (0x4)

.ARM            0x0800326c        0x8
                0x0800326c                        . = ALIGN (0x4)
                0x0800326c                        __exidx_start = .
 *(.ARM.exidx*)
 .ARM.exidx     0x0800326c        0x8 /Applications/STM32CubeIDE.app/Contents/Eclipse/plugins/com.st.stm32cube.ide.mcu.externaltools.gnu-tools-for-stm32.12.3.rel1.macos64_1.0.200.202406191456/tools/bin/../lib/gcc/arm-none-eabi/12.3.1/thumb/v7e-m+fp/hard/libgcc.a(_udivmoddi4.o)
                0x08003274                        __exidx_end = .
                0x08003274                        . = ALIGN (0x4)

.preinit_array  0x08003274        0x0
                0x08003274                        . = ALIGN (0x4)
                0x08003274                        PROVIDE (__preinit_array_start = .)
 *(.preinit_array*)
                0x08003274                        PROVIDE (__preinit_array_end = .)
                0x08003274                        . = ALIGN (0x4)

.init_array     0x08003274        0x4
                0x08003274                        . = ALIGN (0x4)
                0x08003274                        PROVIDE (__init_array_start = .)
 *(SORT_BY_NAME(.init_array.*))
 *(.init_array*)
 .init_array    0x08003274        0x4 /Applications/STM32CubeIDE.app/Contents/Eclipse/plugins/com.st.stm32cube.ide.mcu.externaltools.gnu-tools-for-stm32.12.3.rel1.macos64_1.0.200.202406191456/tools/bin/../lib/gcc/arm-none-eabi/12.3.1/thumb/v7e-m+fp/hard/crtbegin.o
                0x08003278                        PROVIDE (__init_array_end = .)
                0x08003278                        . = ALIGN (0x4)

.fini_array     0x08003278        0x4
                0x08003278                        . = ALIGN (0x4)
                [!provide]                        PROVIDE (__fini_array_start = .)
 *(SORT_BY_NAME(.fini_array.*))
 *(.fini_array*)
 .fini_array    0x08003278        0x4 /Applications/STM32CubeIDE.app/Contents/Eclipse/plugins/com.st.stm32cube.ide.mcu.externaltools.gnu-tools-for-stm32.12.3.rel1.macos64_1.0.200.202406191456/tools/bin/../lib/gcc/arm-none-eabi/12.3.1/thumb/v7e-m+fp/hard/crtbegin.o
                [!provide]                        PROVIDE (__fini_array_end = .)
                0x0800327c                        . = ALIGN (0x4)
                0x0800327c                        _sidata = LOADADDR (.data)

.rel.dyn        0x0800327c        0x0
 .rel.iplt      0x0800327c        0x0 /Applications/STM32CubeIDE.app/Contents/Eclipse/plugins/com.st.stm32cube.ide.mcu.externaltools.gnu-tools-for-stm32.12.3.rel1.macos64_1.0.200.202406191456/tools/bin/../lib/gcc/arm-none-eabi/12.3.1/thumb/v7e-m+fp/hard/crtbegin.o

.data           0x20000000        0xc load address 0x0800327c
                0x20000000                        . = ALIGN (0x4)
                0x20000000                        _sdata = .
 *(.data)
 *(.data*)
 .data.SystemCoreClock
                0x20000000        0x4 ./Core/Src/system_stm32f4xx.o
                0x20000000                SystemCoreClock
 .data.uwTickPrio
                0x20000004        0x4 ./Drivers/STM32F4xx_HAL_Driver/Src/stm32f4xx_hal.o
                0x20000004                uwTickPrio
 .data.uwTickFreq
                0x20000008        0x1 ./Drivers/STM32F4xx_HAL_Driver/Src/stm32f4xx_hal.o
                0x20000008                uwTickFreq
 *(.RamFunc)
 *(.RamFunc*)
                0x2000000c                        . = ALIGN (0x4)
 *fill*         0x20000009        0x3 
                0x2000000c                        _edata = .

.igot.plt       0x2000000c        0x0 load address 0x08003288
 .igot.plt      0x2000000c        0x0 /Applications/STM32CubeIDE.app/Contents/Eclipse/plugins/com.st.stm32cube.ide.mcu.externaltools.gnu-tools-for-stm32.12.3.rel1.macos64_1.0.200.202406191456/tools/bin/../lib/gcc/arm-none-eabi/12.3.1/thumb/v7e-m+fp/hard/crtbegin.o
                0x2000000c                        . = ALIGN (0x4)

.bss            0x2000000c     0x2110 load address 0x08003288
                0x2000000c                        _sbss = .
                0x2000000c                        __bss_start__ = _sbss
 *(.bss)
 .bss           0x2000000c       0x1c /Applications/STM32CubeIDE.app/Contents/Eclipse/plugins/com.st.stm32cube.ide.mcu.externaltools.gnu-tools-for-stm32.12.3.rel1.macos64_1.0.200.202406191456/tools/bin/../lib/gcc/arm-none-eabi/12.3.1/thumb/v7e-m+fp/hard/crtbegin.o
 *(.bss*)
 .bss.hadc1     0x20000028       0x48 ./Core/Src/main.o
                0x20000028                hadc1
 .bss.hdma_adc1
                0x20000070       0x60 ./Core/Src/main.o
                0x20000070                hdma_adc1
 .bss.huart2    0x200000d0       0x48 ./Core/Src/main.o
                0x200000d0                huart2
 .bss.adc_buf   0x20000118     0x2000 ./Core/Src/main.o
                0x20000118                adc_buf
 .bss.uwTick    0x20002118        0x4 ./Drivers/STM32F4xx_HAL_Driver/Src/stm32f4xx_hal.o
                0x20002118                uwTick
 *(COMMON)
                0x2000211c                        . = ALIGN (0x4)
                0x2000211c                        _ebss = .
                0x2000211c                        __bss_end__ = _ebss

._user_heap_stack
                0x2000211c      0x604 load address 0x08003288
                0x20002120                        . = ALIGN (0x8)
 *fill*         0x2000211c        0x4 
                [!provide]                        PROVIDE (end = .)
                0x20002120                        PROVIDE (_end = .)
                0x20002320                        . = (. + _Min_Heap_Size)
 *fill*         0x20002120      0x200 
                0x20002720                        . = (. + _Min_Stack_Size)
 *fill*         0x20002320      0x400 
                0x20002720                        . = ALIGN (0x8)

/DISCARD/
 libc.a(*)
 libm.a(*)
 libgcc.a(*)

.ARM.attributes
                0x00000000       0x30
 *(.ARM.attributes)
 .ARM.attributes
                0x00000000       0x22 /Applications/STM32CubeIDE.app/Contents/Eclipse/plugins/com.st.stm32cube.ide.mcu.externaltools.gnu-tools-for-stm32.12.3.rel1.macos64_1.0.200.202406191456/tools/bin/../lib/gcc/arm-none-eabi/12.3.1/thumb/v7e-m+fp/hard/crti.o
 .ARM.attributes
                0x00000022       0x34 /Applications/STM32CubeIDE.app/Contents/Eclipse/plugins/com.st.stm32cube.ide.mcu.externaltools.gnu-tools-for-stm32.12.3.rel1.macos64_1.0.200.202406191456/tools/bin/../lib/gcc/arm-none-eabi/12.3.1/thumb/v7e-m+fp/hard/crtbegin.o
 .ARM.attributes
                0x00000056       0x34 ./Core/Src/main.o
 .ARM.attributes
                0x0000008a       0x34 ./Core/Src/stm32f4xx_hal_msp.o
 .ARM.attributes
                0x000000be       0x34 ./Core/Src/stm32f4xx_it.o
 .ARM.attributes
                0x000000f2       0x34 ./Core/Src/system_stm32f4xx.o
 .ARM.attributes
                0x00000126       0x21 ./Core/Startup/startup_stm32f446retx.o
 .ARM.attributes
                0x00000147       0x34 ./Drivers/STM32F4xx_HAL_Driver/Src/stm32f4xx_hal.o
 .ARM.attributes
                0x0000017b       0x34 ./Drivers/STM32F4xx_HAL_Driver/Src/stm32f4xx_hal_adc.o
 .ARM.attributes
                0x000001af       0x34 ./Drivers/STM32F4xx_HAL_Driver/Src/stm32f4xx_hal_cortex.o
 .ARM.attributes
                0x000001e3       0x34 ./Drivers/STM32F4xx_HAL_Driver/Src/stm32f4xx_hal_dma.o
 .ARM.attributes
                0x00000217       0x34 ./Drivers/STM32F4xx_HAL_Driver/Src/stm32f4xx_hal_gpio.o
 .ARM.attributes
                0x0000024b       0x34 ./Drivers/STM32F4xx_HAL_Driver/Src/stm32f4xx_hal_rcc.o
 .ARM.attributes
                0x0000027f       0x34 ./Drivers/STM32F4xx_HAL_Driver/Src/stm32f4xx_hal_rcc_ex.o
 .ARM.attributes
                0x000002b3       0x34 ./Drivers/STM32F4xx_HAL_Driver/Src/stm32f4xx_hal_uart.o
 .ARM.attributes
                0x000002e7       0x34 /Applications/STM32CubeIDE.app/Contents/Eclipse/plugins/com.st.stm32cube.ide.mcu.externaltools.gnu-tools-for-stm32.12.3.rel1.macos64_1.0.200.202406191456/tools/bin/../lib/gcc/arm-none-eabi/12.3.1/../../../../arm-none-eabi/lib/thumb/v7e-m+fp/hard/libc_nano.a(libc_a-memset.o)
 .ARM.attributes
                0x0000031b       0x34 /Applications/STM32CubeIDE.app/Contents/Eclipse/plugins/com.st.stm32cube.ide.mcu.externaltools.gnu-tools-for-stm32.12.3.rel1.macos64_1.0.200.202406191456/tools/bin/../lib/gcc/arm-none-eabi/12.3.1/../../../../arm-none-eabi/lib/thumb/v7e-m+fp/hard/libc_nano.a(libc_a-init.o)
 .ARM.attributes
                0x0000034f       0x22 /Applications/STM32CubeIDE.app/Contents/Eclipse/plugins/com.st.stm32cube.ide.mcu.externaltools.gnu-tools-for-stm32.12.3.rel1.macos64_1.0.200.202406191456/tools/bin/../lib/gcc/arm-none-eabi/12.3.1/thumb/v7e-m+fp/hard/libgcc.a(_aeabi_uldivmod.o)
 .ARM.attributes
                0x00000371       0x34 /Applications/STM32CubeIDE.app/Contents/Eclipse/plugins/com.st.stm32cube.ide.mcu.externaltools.gnu-tools-for-stm32.12.3.rel1.macos64_1.0.200.202406191456/tools/bin/../lib/gcc/arm-none-eabi/12.3.1/thumb/v7e-m+fp/hard/libgcc.a(_udivmoddi4.o)
 .ARM.attributes
                0x000003a5       0x22 /Applications/STM32CubeIDE.app/Contents/Eclipse/plugins/com.st.stm32cube.ide.mcu.externaltools.gnu-tools-for-stm32.12.3.rel1.macos64_1.0.200.202406191456/tools/bin/../lib/gcc/arm-none-eabi/12.3.1/thumb/v7e-m+fp/hard/libgcc.a(_dvmd_tls.o)
 .ARM.attributes
                0x000003c7       0x22 /Applications/STM32CubeIDE.app/Contents/Eclipse/plugins/com.st.stm32cube.ide.mcu.externaltools.gnu-tools-for-stm32.12.3.rel1.macos64_1.0.200.202406191456/tools/bin/../lib/gcc/arm-none-eabi/12.3.1/thumb/v7e-m+fp/hard/crtn.o
OUTPUT(nucleo-f446re-adc.elf elf32-littlearm)
LOAD linker stubs
LOAD /Applications/STM32CubeIDE.app/Contents/Eclipse/plugins/com.st.stm32cube.ide.mcu.externaltools.gnu-tools-for-stm32.12.3.rel1.macos64_1.0.200.202406191456/tools/bin/../lib/gcc/arm-none-eabi/12.3.1/../../../../arm-none-eabi/lib/thumb/v7e-m+fp/hard/libc.a
LOAD /Applications/STM32CubeIDE.app/Contents/Eclipse/plugins/com.st.stm32cube.ide.mcu.externaltools.gnu-tools-for-stm32.12.3.rel1.macos64_1.0.200.202406191456/tools/bin/../lib/gcc/arm-none-eabi/12.3.1/../../../../arm-none-eabi/lib/thumb/v7e-m+fp/hard/libm.a
LOAD /Applications/STM32CubeIDE.app/Contents/Eclipse/plugins/com.st.stm32cube.ide.mcu.externaltools.gnu-tools-for-stm32.12.3.rel1.macos64_1.0.200.202406191456/tools/bin/../lib/gcc/arm-none-eabi/12.3.1/thumb/v7e-m+fp/hard/libgcc.a

.debug_info     0x00000000     0x9d85
 .debug_info    0x00000000     0x1240 ./Core/Src/main.o
 .debug_info    0x00001240      0xc88 ./Core/Src/stm32f4xx_hal_msp.o
 .debug_info    0x00001ec8      0x3a9 ./Core/Src/stm32f4xx_it.o
 .debug_info    0x00002271      0x54a ./Core/Src/system_stm32f4xx.o
 .debug_info    0x000027bb       0x30 ./Core/Startup/startup_stm32f446retx.o
 .debug_info    0x000027eb      0x99a ./Drivers/STM32F4xx_HAL_Driver/Src/stm32f4xx_hal.o
 .debug_info    0x00003185      0xcd4 ./Drivers/STM32F4xx_HAL_Driver/Src/stm32f4xx_hal_adc.o
 .debug_info    0x00003e59      0xdaa ./Drivers/STM32F4xx_HAL_Driver/Src/stm32f4xx_hal_cortex.o
 .debug_info    0x00004c03      0x8e7 ./Drivers/STM32F4xx_HAL_Driver/Src/stm32f4xx_hal_dma.o
 .debug_info    0x000054ea      0x70b ./Drivers/STM32F4xx_HAL_Driver/Src/stm32f4xx_hal_gpio.o
 .debug_info    0x00005bf5      0x8eb ./Drivers/STM32F4xx_HAL_Driver/Src/stm32f4xx_hal_rcc.o
 .debug_info    0x000064e0      0x956 ./Drivers/STM32F4xx_HAL_Driver/Src/stm32f4xx_hal_rcc_ex.o
 .debug_info    0x00006e36     0x2f4f ./Drivers/STM32F4xx_HAL_Driver/Src/stm32f4xx_hal_uart.o

.debug_abbrev   0x00000000     0x1afe
 .debug_abbrev  0x00000000      0x2cc ./Core/Src/main.o
 .debug_abbrev  0x000002cc      0x201 ./Core/Src/stm32f4xx_hal_msp.o
 .debug_abbrev  0x000004cd      0x169 ./Core/Src/stm32f4xx_it.o
 .debug_abbrev  0x00000636      0x11a ./Core/Src/system_stm32f4xx.o
 .debug_abbrev  0x00000750       0x24 ./Core/Startup/startup_stm32f446retx.o
 .debug_abbrev  0x00000774      0x214 ./Drivers/STM32F4xx_HAL_Driver/Src/stm32f4xx_hal.o
 .debug_abbrev  0x00000988      0x252 ./Drivers/STM32F4xx_HAL_Driver/Src/stm32f4xx_hal_adc.o
 .debug_abbrev  0x00000bda      0x31d ./Drivers/STM32F4xx_HAL_Driver/Src/stm32f4xx_hal_cortex.o
 .debug_abbrev  0x00000ef7      0x264 ./Drivers/STM32F4xx_HAL_Driver/Src/stm32f4xx_hal_dma.o
 .debug_abbrev  0x0000115b      0x1d4 ./Drivers/STM32F4xx_HAL_Driver/Src/stm32f4xx_hal_gpio.o
 .debug_abbrev  0x0000132f      0x2b7 ./Drivers/STM32F4xx_HAL_Driver/Src/stm32f4xx_hal_rcc.o
 .debug_abbrev  0x000015e6      0x20a ./Drivers/STM32F4xx_HAL_Driver/Src/stm32f4xx_hal_rcc_ex.o
 .debug_abbrev  0x000017f0      0x30e ./Drivers/STM32F4xx_HAL_Driver/Src/stm32f4xx_hal_uart.o

.debug_aranges  0x00000000      0x850
 .debug_aranges
                0x00000000       0x60 ./Core/Src/main.o
 .debug_aranges
                0x00000060       0x40 ./Core/Src/stm32f4xx_hal_msp.o
 .debug_aranges
                0x000000a0       0x68 ./Core/Src/stm32f4xx_it.o
 .debug_aranges
                0x00000108       0x28 ./Core/Src/system_stm32f4xx.o
 .debug_aranges
                0x00000130       0x28 ./Core/Startup/startup_stm32f446retx.o
 .debug_aranges
                0x00000158       0xf0 ./Drivers/STM32F4xx_HAL_Driver/Src/stm32f4xx_hal.o
 .debug_aranges
                0x00000248       0xe8 ./Drivers/STM32F4xx_HAL_Driver/Src/stm32f4xx_hal_adc.o
 .debug_aranges
                0x00000330      0x130 ./Drivers/STM32F4xx_HAL_Driver/Src/stm32f4xx_hal_cortex.o
 .debug_aranges
                0x00000460       0x90 ./Drivers/STM32F4xx_HAL_Driver/Src/stm32f4xx_hal_dma.o
 .debug_aranges
                0x000004f0       0x58 ./Drivers/STM32F4xx_HAL_Driver/Src/stm32f4xx_hal_gpio.o
 .debug_aranges
                0x00000548       0x88 ./Drivers/STM32F4xx_HAL_Driver/Src/stm32f4xx_hal_rcc.o
 .debug_aranges
                0x000005d0       0x78 ./Drivers/STM32F4xx_HAL_Driver/Src/stm32f4xx_hal_rcc_ex.o
 .debug_aranges
                0x00000648      0x208 ./Drivers/STM32F4xx_HAL_Driver/Src/stm32f4xx_hal_uart.o

.debug_rnglists
                0x00000000      0x662
 .debug_rnglists
                0x00000000       0x46 ./Core/Src/main.o
 .debug_rnglists
                0x00000046       0x2d ./Core/Src/stm32f4xx_hal_msp.o
 .debug_rnglists
                0x00000073       0x49 ./Core/Src/stm32f4xx_it.o
 .debug_rnglists
                0x000000bc       0x1a ./Core/Src/system_stm32f4xx.o
 .debug_rnglists
                0x000000d6       0x19 ./Core/Startup/startup_stm32f446retx.o
 .debug_rnglists
                0x000000ef       0xaf ./Drivers/STM32F4xx_HAL_Driver/Src/stm32f4xx_hal.o
 .debug_rnglists
                0x0000019e       0xb5 ./Drivers/STM32F4xx_HAL_Driver/Src/stm32f4xx_hal_adc.o
 .debug_rnglists
                0x00000253       0xe0 ./Drivers/STM32F4xx_HAL_Driver/Src/stm32f4xx_hal_cortex.o
 .debug_rnglists
                0x00000333       0x70 ./Drivers/STM32F4xx_HAL_Driver/Src/stm32f4xx_hal_dma.o
 .debug_rnglists
                0x000003a3       0x3f ./Drivers/STM32F4xx_HAL_Driver/Src/stm32f4xx_hal_gpio.o
 .debug_rnglists
                0x000003e2       0x66 ./Drivers/STM32F4xx_HAL_Driver/Src/stm32f4xx_hal_rcc.o
 .debug_rnglists
                0x00000448       0x5e ./Drivers/STM32F4xx_HAL_Driver/Src/stm32f4xx_hal_rcc_ex.o
 .debug_rnglists
                0x000004a6      0x1bc ./Drivers/STM32F4xx_HAL_Driver/Src/stm32f4xx_hal_uart.o

.debug_macro    0x00000000    0x2230c
 .debug_macro   0x00000000      0x2f9 ./Core/Src/main.o
 .debug_macro   0x000002f9      0xab4 ./Core/Src/main.o
 .debug_macro   0x00000dad      0x29b ./Core/Src/main.o
 .debug_macro   0x00001048       0x2e ./Core/Src/main.o
 .debug_macro   0x00001076       0x28 ./Core/Src/main.o
 .debug_macro   0x0000109e       0x22 ./Core/Src/main.o
 .debug_macro   0x000010c0       0x8e ./Core/Src/main.o
 .debug_macro   0x0000114e       0x51 ./Core/Src/main.o
 .debug_macro   0x0000119f      0x103 ./Core/Src/main.o
 .debug_macro   0x000012a2       0x6a ./Core/Src/main.o
 .debug_macro   0x0000130c      0x1df ./Core/Src/main.o
 .debug_macro   0x000014eb       0x1c ./Core/Src/main.o
 .debug_macro   0x00001507       0x22 ./Core/Src/main.o
 .debug_macro   0x00001529       0xfb ./Core/Src/main.o
 .debug_macro   0x00001624     0x1011 ./Core/Src/main.o
 .debug_macro   0x00002635      0x11f ./Core/Src/main.o
 .debug_macro   0x00002754    0x16749 ./Core/Src/main.o
 .debug_macro   0x00018e9d       0x6d ./Core/Src/main.o
 .debug_macro   0x00018f0a     0x369a ./Core/Src/main.o
 .debug_macro   0x0001c5a4      0x189 ./Core/Src/main.o
 .debug_macro   0x0001c72d       0x5c ./Core/Src/main.o
 .debug_macro   0x0001c789      0xca5 ./Core/Src/main.o
 .debug_macro   0x0001d42e      0x9e9 ./Core/Src/main.o
 .debug_macro   0x0001de17      0x115 ./Core/Src/main.o
 .debug_macro   0x0001df2c      0x1a0 ./Core/Src/main.o
 .debug_macro   0x0001e0cc       0xa5 ./Core/Src/main.o
 .debug_macro   0x0001e171      0x16d ./Core/Src/main.o
 .debug_macro   0x0001e2de      0x287 ./Core/Src/main.o
 .debug_macro   0x0001e565       0x5f ./Core/Src/main.o
 .debug_macro   0x0001e5c4      0x236 ./Core/Src/main.o
 .debug_macro   0x0001e7fa      0xb5b ./Core/Src/main.o
 .debug_macro   0x0001f355      0x38b ./Core/Src/main.o
 .debug_macro   0x0001f6e0      0x17d ./Core/Src/main.o
 .debug_macro   0x0001f85d       0xf9 ./Core/Src/main.o
 .debug_macro   0x0001f956      0x132 ./Core/Src/main.o
 .debug_macro   0x0001fa88      0x29c ./Core/Src/main.o
 .debug_macro   0x0001fd24       0x2e ./Core/Src/main.o
 .debug_macro   0x0001fd52      0x127 ./Core/Src/main.o
 .debug_macro   0x0001fe79       0xe8 ./Core/Src/main.o
 .debug_macro   0x0001ff61       0x89 ./Core/Src/main.o
 .debug_macro   0x0001ffea      0x2aa ./Core/Src/main.o
 .debug_macro   0x00020294      0x126 ./Core/Src/main.o
 .debug_macro   0x000203ba       0x58 ./Core/Src/main.o
 .debug_macro   0x00020412       0x61 ./Core/Src/main.o
 .debug_macro   0x00020473       0x2a ./Core/Src/main.o
 .debug_macro   0x0002049d       0x43 ./Core/Src/main.o
 .debug_macro   0x000204e0       0x34 ./Core/Src/main.o
 .debug_macro   0x00020514       0x16 ./Core/Src/main.o
 .debug_macro   0x0002052a       0x43 ./Core/Src/main.o
 .debug_macro   0x0002056d       0x34 ./Core/Src/main.o
 .debug_macro   0x000205a1       0x10 ./Core/Src/main.o
 .debug_macro   0x000205b1       0x58 ./Core/Src/main.o
 .debug_macro   0x00020609       0x8e ./Core/Src/main.o
 .debug_macro   0x00020697       0x1c ./Core/Src/main.o
 .debug_macro   0x000206b3      0x177 ./Core/Src/main.o
 .debug_macro   0x0002082a      0x369 ./Core/Src/main.o
 .debug_macro   0x00020b93       0x10 ./Core/Src/main.o
 .debug_macro   0x00020ba3       0x35 ./Core/Src/main.o
 .debug_macro   0x00020bd8       0x20 ./Core/Src/main.o
 .debug_macro   0x00020bf8       0x1c ./Core/Src/main.o
 .debug_macro   0x00020c14       0x10 ./Core/Src/main.o
 .debug_macro   0x00020c24       0x1c ./Core/Src/main.o
 .debug_macro   0x00020c40       0x16 ./Core/Src/main.o
 .debug_macro   0x00020c56      0x146 ./Core/Src/main.o
 .debug_macro   0x00020d9c      0x1f1 ./Core/Src/stm32f4xx_hal_msp.o
 .debug_macro   0x00020f8d      0x1fb ./Core/Src/stm32f4xx_it.o
 .debug_macro   0x00021188      0x1e2 ./Core/Src/system_stm32f4xx.o
 .debug_macro   0x0002136a      0x242 ./Drivers/STM32F4xx_HAL_Driver/Src/stm32f4xx_hal.o
 .debug_macro   0x000215ac      0x1e3 ./Drivers/STM32F4xx_HAL_Driver/Src/stm32f4xx_hal_adc.o
 .debug_macro   0x0002178f      0x1e2 ./Drivers/STM32F4xx_HAL_Driver/Src/stm32f4xx_hal_cortex.o
 .debug_macro   0x00021971      0x1e8 ./Drivers/STM32F4xx_HAL_Driver/Src/stm32f4xx_hal_dma.o
 .debug_macro   0x00021b59      0x1e8 ./Drivers/STM32F4xx_HAL_Driver/Src/stm32f4xx_hal_gpio.o
 .debug_macro   0x00021d41      0x206 ./Drivers/STM32F4xx_HAL_Driver/Src/stm32f4xx_hal_rcc.o
 .debug_macro   0x00021f47      0x1e2 ./Drivers/STM32F4xx_HAL_Driver/Src/stm32f4xx_hal_rcc_ex.o
 .debug_macro   0x00022129      0x1e3 ./Drivers/STM32F4xx_HAL_Driver/Src/stm32f4xx_hal_uart.o

.debug_line     0x00000000     0xafa3
 .debug_line    0x00000000      0xa0b ./Core/Src/main.o
 .debug_line    0x00000a0b      0x7b6 ./Core/Src/stm32f4xx_hal_msp.o
 .debug_line    0x000011c1      0x7d4 ./Core/Src/stm32f4xx_it.o
 .debug_line    0x00001995      0x77e ./Core/Src/system_stm32f4xx.o
 .debug_line    0x00002113       0x7a ./Core/Startup/startup_stm32f446retx.o
 .debug_line    0x0000218d      0x9e7 ./Drivers/STM32F4xx_HAL_Driver/Src/stm32f4xx_hal.o
 .debug_line    0x00002b74     0x127b ./Drivers/STM32F4xx_HAL_Driver/Src/stm32f4xx_hal_adc.o
 .debug_line    0x00003def      0xcd9 ./Drivers/STM32F4xx_HAL_Driver/Src/stm32f4xx_hal_cortex.o
 .debug_line    0x00004ac8      0xf57 ./Drivers/STM32F4xx_HAL_Driver/Src/stm32f4xx_hal_dma.o
 .debug_line    0x00005a1f      0xb5f ./Drivers/STM32F4xx_HAL_Driver/Src/stm32f4xx_hal_gpio.o
 .debug_line    0x0000657e      0xd7e ./Drivers/STM32F4xx_HAL_Driver/Src/stm32f4xx_hal_rcc.o
 .debug_line    0x000072fc     0x13ee ./Drivers/STM32F4xx_HAL_Driver/Src/stm32f4xx_hal_rcc_ex.o
 .debug_line    0x000086ea     0x28b9 ./Drivers/STM32F4xx_HAL_Driver/Src/stm32f4xx_hal_uart.o

.debug_str      0x00000000    0xd4d62
 .debug_str     0x00000000    0xd2f2d ./Core/Src/main.o
                              0xd3296 (size before relaxing)
 .debug_str     0x000d2f2d       0xc1 ./Core/Src/stm32f4xx_hal_msp.o
                              0xcf3ad (size before relaxing)
 .debug_str     0x000d2fee       0xf4 ./Core/Src/stm32f4xx_it.o
                              0xcee4e (size before relaxing)
 .debug_str     0x000d30e2       0xdb ./Core/Src/system_stm32f4xx.o
                              0xcebe2 (size before relaxing)
 .debug_str     0x000d31bd       0x44 ./Core/Startup/startup_stm32f446retx.o
                                 0x85 (size before relaxing)
 .debug_str     0x000d3201      0x5fa ./Drivers/STM32F4xx_HAL_Driver/Src/stm32f4xx_hal.o
                              0xcf7a7 (size before relaxing)
 .debug_str     0x000d37fb      0x27e ./Drivers/STM32F4xx_HAL_Driver/Src/stm32f4xx_hal_adc.o
                              0xcf1aa (size before relaxing)
 .debug_str     0x000d3a79      0x37f ./Drivers/STM32F4xx_HAL_Driver/Src/stm32f4xx_hal_cortex.o
                              0xcf4fe (size before relaxing)
 .debug_str     0x000d3df8      0x2d5 ./Drivers/STM32F4xx_HAL_Driver/Src/stm32f4xx_hal_dma.o
                              0xcefd7 (size before relaxing)
 .debug_str     0x000d40cd      0x121 ./Drivers/STM32F4xx_HAL_Driver/Src/stm32f4xx_hal_gpio.o
                              0xced5d (size before relaxing)
 .debug_str     0x000d41ee      0x233 ./Drivers/STM32F4xx_HAL_Driver/Src/stm32f4xx_hal_rcc.o
                              0xcf01b (size before relaxing)
 .debug_str     0x000d4421      0x324 ./Drivers/STM32F4xx_HAL_Driver/Src/stm32f4xx_hal_rcc_ex.o
                              0xcf04e (size before relaxing)
 .debug_str     0x000d4745      0x61d ./Drivers/STM32F4xx_HAL_Driver/Src/stm32f4xx_hal_uart.o
                              0xcf5d2 (size before relaxing)

.comment        0x00000000       0x43
 .comment       0x00000000       0x43 ./Core/Src/main.o
                                 0x44 (size before relaxing)
 .comment       0x00000043       0x44 ./Core/Src/stm32f4xx_hal_msp.o
 .comment       0x00000043       0x44 ./Core/Src/stm32f4xx_it.o
 .comment       0x00000043       0x44 ./Core/Src/system_stm32f4xx.o
 .comment       0x00000043       0x44 ./Drivers/STM32F4xx_HAL_Driver/Src/stm32f4xx_hal.o
 .comment       0x00000043       0x44 ./Drivers/STM32F4xx_HAL_Driver/Src/stm32f4xx_hal_adc.o
 .comment       0x00000043       0x44 ./Drivers/STM32F4xx_HAL_Driver/Src/stm32f4xx_hal_cortex.o
 .comment       0x00000043       0x44 ./Drivers/STM32F4xx_HAL_Driver/Src/stm32f4xx_hal_dma.o
 .comment       0x00000043       0x44 ./Drivers/STM32F4xx_HAL_Driver/Src/stm32f4xx_hal_gpio.o
 .comment       0x00000043       0x44 ./Drivers/STM32F4xx_HAL_Driver/Src/stm32f4xx_hal_rcc.o
 .comment       0x00000043       0x44 ./Drivers/STM32F4xx_HAL_Driver/Src/stm32f4xx_hal_rcc_ex.o
 .comment       0x00000043       0x44 ./Drivers/STM32F4xx_HAL_Driver/Src/stm32f4xx_hal_uart.o

.debug_frame    0x00000000     0x2164
 .debug_frame   0x00000000      0x138 ./Core/Src/main.o
 .debug_frame   0x00000138       0xc4 ./Core/Src/stm32f4xx_hal_msp.o
 .debug_frame   0x000001fc      0x120 ./Core/Src/stm32f4xx_it.o
 .debug_frame   0x0000031c       0x58 ./Core/Src/system_stm32f4xx.o
 .debug_frame   0x00000374      0x374 ./Drivers/STM32F4xx_HAL_Driver/Src/stm32f4xx_hal.o
 .debug_frame   0x000006e8      0x3fc ./Drivers/STM32F4xx_HAL_Driver/Src/stm32f4xx_hal_adc.o
 .debug_frame   0x00000ae4      0x508 ./Drivers/STM32F4xx_HAL_Driver/Src/stm32f4xx_hal_cortex.o
 .debug_frame   0x00000fec      0x250 ./Drivers/STM32F4xx_HAL_Driver/Src/stm32f4xx_hal_dma.o
 .debug_frame   0x0000123c      0x14c ./Drivers/STM32F4xx_HAL_Driver/Src/stm32f4xx_hal_gpio.o
 .debug_frame   0x00001388      0x1f4 ./Drivers/STM32F4xx_HAL_Driver/Src/stm32f4xx_hal_rcc.o
 .debug_frame   0x0000157c      0x1e8 ./Drivers/STM32F4xx_HAL_Driver/Src/stm32f4xx_hal_rcc_ex.o
 .debug_frame   0x00001764      0x954 ./Drivers/STM32F4xx_HAL_Driver/Src/stm32f4xx_hal_uart.o
 .debug_frame   0x000020b8       0x20 /Applications/STM32CubeIDE.app/Contents/Eclipse/plugins/com.st.stm32cube.ide.mcu.externaltools.gnu-tools-for-stm32.12.3.rel1.macos64_1.0.200.202406191456/tools/bin/../lib/gcc/arm-none-eabi/12.3.1/../../../../arm-none-eabi/lib/thumb/v7e-m+fp/hard/libc_nano.a(libc_a-memset.o)
 .debug_frame   0x000020d8       0x2c /Applications/STM32CubeIDE.app/Contents/Eclipse/plugins/com.st.stm32cube.ide.mcu.externaltools.gnu-tools-for-stm32.12.3.rel1.macos64_1.0.200.202406191456/tools/bin/../lib/gcc/arm-none-eabi/12.3.1/../../../../arm-none-eabi/lib/thumb/v7e-m+fp/hard/libc_nano.a(libc_a-init.o)
 .debug_frame   0x00002104       0x2c /Applications/STM32CubeIDE.app/Contents/Eclipse/plugins/com.st.stm32cube.ide.mcu.externaltools.gnu-tools-for-stm32.12.3.rel1.macos64_1.0.200.202406191456/tools/bin/../lib/gcc/arm-none-eabi/12.3.1/thumb/v7e-m+fp/hard/libgcc.a(_aeabi_uldivmod.o)
 .debug_frame   0x00002130       0x34 /Applications/STM32CubeIDE.app/Contents/Eclipse/plugins/com.st.stm32cube.ide.mcu.externaltools.gnu-tools-for-stm32.12.3.rel1.macos64_1.0.200.202406191456/tools/bin/../lib/gcc/arm-none-eabi/12.3.1/thumb/v7e-m+fp/hard/libgcc.a(_udivmoddi4.o)

.debug_line_str
                0x00000000       0x69
 .debug_line_str
                0x00000000       0x69 ./Core/Startup/startup_stm32f446retx.o
